Using pre-set license
Built from '2022.3/staging' branch; Version is '2022.3.62f1 (4af31df58517) revision 4911901'; Using compiler version '192829333'; Build Type 'Release'
OS: 'Windows 11  (10.0.26100) 64bit CoreSingleLanguage' Language: 'es' Physical Memory: 7926 MB
BatchMode: 1, IsHumanControllingUs: 0, StartBugReporterOnCrash: 0, Is64bit: 1, IsPro: 1

COMMAND LINE ARGUMENTS:
F:\Unity\Project\2022.3.62f1\Editor\Unity.exe
-adb2
-batchMode
-noUpm
-name
AssetImportWorker0
-projectPath
F:/Unity/VerzusGame
-logFile
Logs/AssetImportWorker0.log
-srvPort
60899
Successfully changed project path to: F:/Unity/VerzusGame
F:/Unity/VerzusGame
[UnityMemory] Configuration Parameters - Can be set up in boot.config
    "memorysetup-bucket-allocator-granularity=16"
    "memorysetup-bucket-allocator-bucket-count=8"
    "memorysetup-bucket-allocator-block-size=33554432"
    "memorysetup-bucket-allocator-block-count=8"
    "memorysetup-main-allocator-block-size=16777216"
    "memorysetup-thread-allocator-block-size=16777216"
    "memorysetup-gfx-main-allocator-block-size=16777216"
    "memorysetup-gfx-thread-allocator-block-size=16777216"
    "memorysetup-cache-allocator-block-size=4194304"
    "memorysetup-typetree-allocator-block-size=2097152"
    "memorysetup-profiler-bucket-allocator-granularity=16"
    "memorysetup-profiler-bucket-allocator-bucket-count=8"
    "memorysetup-profiler-bucket-allocator-block-size=33554432"
    "memorysetup-profiler-bucket-allocator-block-count=8"
    "memorysetup-profiler-allocator-block-size=16777216"
    "memorysetup-profiler-editor-allocator-block-size=1048576"
    "memorysetup-temp-allocator-size-main=16777216"
    "memorysetup-job-temp-allocator-block-size=2097152"
    "memorysetup-job-temp-allocator-block-size-background=1048576"
    "memorysetup-job-temp-allocator-reduction-small-platforms=262144"
    "memorysetup-allocator-temp-initial-block-size-main=262144"
    "memorysetup-allocator-temp-initial-block-size-worker=262144"
    "memorysetup-temp-allocator-size-background-worker=32768"
    "memorysetup-temp-allocator-size-job-worker=262144"
    "memorysetup-temp-allocator-size-preload-manager=33554432"
    "memorysetup-temp-allocator-size-nav-mesh-worker=65536"
    "memorysetup-temp-allocator-size-audio-worker=65536"
    "memorysetup-temp-allocator-size-cloud-worker=32768"
    "memorysetup-temp-allocator-size-gi-baking-worker=262144"
    "memorysetup-temp-allocator-size-gfx=262144"
Player connection [19840]  Target information:

Player connection [19840]  * "[IP] 172.30.192.1 [Port] 0 [Flags] 2 [Guid] 3930621485 [EditorId] 3930621485 [Version] 1048832 [Id] WindowsEditor(7,Antony) [Debug] 1 [PackageName] WindowsEditor [ProjectName] Editor" 

Player connection [19840]  * "[IP] 192.168.56.1 [Port] 0 [Flags] 2 [Guid] 3930621485 [EditorId] 3930621485 [Version] 1048832 [Id] WindowsEditor(7,Antony) [Debug] 1 [PackageName] WindowsEditor [ProjectName] Editor" 

Player connection [19840]  * "[IP] 10.5.0.2 [Port] 0 [Flags] 2 [Guid] 3930621485 [EditorId] 3930621485 [Version] 1048832 [Id] WindowsEditor(7,Antony) [Debug] 1 [PackageName] WindowsEditor [ProjectName] Editor" 

Player connection [19840]  * "[IP] 192.168.0.7 [Port] 0 [Flags] 2 [Guid] 3930621485 [EditorId] 3930621485 [Version] 1048832 [Id] WindowsEditor(7,Antony) [Debug] 1 [PackageName] WindowsEditor [ProjectName] Editor" 

Player connection [19840] Host joined multi-casting on [225.0.0.222:54997]...
Player connection [19840] Host joined alternative multi-casting on [225.0.0.222:34997]...
Input System module state changed to: Initialized.
[PhysX] Initialized MultithreadedTaskDispatcher with 8 workers.
Refreshing native plugins compatible for Editor in 14.63 ms, found 3 plugins.
Preloading 0 native plugins for Editor in 0.00 ms.
Initialize engine version: 2022.3.62f1 (4af31df58517)
[Subsystems] Discovering subsystems at path F:/Unity/Project/2022.3.62f1/Editor/Data/Resources/UnitySubsystems
[Subsystems] Discovering subsystems at path F:/Unity/VerzusGame/Assets
GfxDevice: creating device client; threaded=0; jobified=0
Direct3D:
    Version:  Direct3D 11.0 [level 11.1]
    Renderer: Intel(R) Iris(R) Xe Graphics (ID=0x9a49)
    Vendor:   Intel
    VRAM:     3963 MB
    Driver:   31.0.101.5333
Initialize mono
Mono path[0] = 'F:/Unity/Project/2022.3.62f1/Editor/Data/Managed'
Mono path[1] = 'F:/Unity/Project/2022.3.62f1/Editor/Data/MonoBleedingEdge/lib/mono/unityjit-win32'
Mono config path = 'F:/Unity/Project/2022.3.62f1/Editor/Data/MonoBleedingEdge/etc'
Using monoOptions --debugger-agent=transport=dt_socket,embedding=1,server=y,suspend=n,address=127.0.0.1:56288
Begin MonoManager ReloadAssembly
Registering precompiled unity dll's ...
Register platform support module: F:/Unity/Project/2022.3.62f1/Editor/Data/PlaybackEngines/WindowsStandaloneSupport/UnityEditor.WindowsStandalone.Extensions.dll
Registered in 0.006417 seconds.
- Loaded All Assemblies, in  2.220 seconds
Native extension for WindowsStandalone target not found
Mono: successfully reloaded assembly
- Finished resetting the current domain, in  0.633 seconds
Domain Reload Profiling: 2854ms
	BeginReloadAssembly (482ms)
		ExecutionOrderSort (0ms)
		DisableScriptedObjects (0ms)
		BackupInstance (0ms)
		ReleaseScriptingObjects (0ms)
		CreateAndSetChildDomain (1ms)
	RebuildCommonClasses (62ms)
	RebuildNativeTypeToScriptingClass (15ms)
	initialDomainReloadingComplete (89ms)
	LoadAllAssembliesAndSetupDomain (1571ms)
		LoadAssemblies (720ms)
		RebuildTransferFunctionScriptingTraits (0ms)
		AnalyzeDomain (1328ms)
			TypeCache.Refresh (1324ms)
				TypeCache.ScanAssembly (1298ms)
			ScanForSourceGeneratedMonoScriptInfo (1ms)
			ResolveRequiredComponents (2ms)
	FinalizeReload (634ms)
		ReleaseScriptCaches (0ms)
		RebuildScriptCaches (0ms)
		SetupLoadedEditorAssemblies (535ms)
			LogAssemblyErrors (0ms)
			InitializePlatformSupportModulesInManaged (17ms)
			SetLoadedEditorAssemblies (15ms)
			RefreshPlugins (0ms)
			BeforeProcessingInitializeOnLoad (5ms)
			ProcessInitializeOnLoadAttributes (282ms)
			ProcessInitializeOnLoadMethodAttributes (215ms)
			AfterProcessingInitializeOnLoad (0ms)
			EditorAssembliesLoaded (0ms)
		ExecutionOrderSort2 (0ms)
		AwakeInstancesAfterBackupRestoration (0ms)
========================================================================
Worker process is ready to serve import requests
Caller must complete domain reload
Begin MonoManager ReloadAssembly
- Loaded All Assemblies, in  3.113 seconds
Native extension for WindowsStandalone target not found
Mono: successfully reloaded assembly
- Finished resetting the current domain, in  1.005 seconds
Domain Reload Profiling: 4118ms
	BeginReloadAssembly (264ms)
		ExecutionOrderSort (0ms)
		DisableScriptedObjects (9ms)
		BackupInstance (0ms)
		ReleaseScriptingObjects (0ms)
		CreateAndSetChildDomain (45ms)
	RebuildCommonClasses (55ms)
	RebuildNativeTypeToScriptingClass (13ms)
	initialDomainReloadingComplete (63ms)
	LoadAllAssembliesAndSetupDomain (2717ms)
		LoadAssemblies (2567ms)
		RebuildTransferFunctionScriptingTraits (0ms)
		AnalyzeDomain (311ms)
			TypeCache.Refresh (274ms)
				TypeCache.ScanAssembly (246ms)
			ScanForSourceGeneratedMonoScriptInfo (26ms)
			ResolveRequiredComponents (7ms)
	FinalizeReload (1006ms)
		ReleaseScriptCaches (0ms)
		RebuildScriptCaches (0ms)
		SetupLoadedEditorAssemblies (686ms)
			LogAssemblyErrors (0ms)
			InitializePlatformSupportModulesInManaged (8ms)
			SetLoadedEditorAssemblies (7ms)
			RefreshPlugins (0ms)
			BeforeProcessingInitializeOnLoad (76ms)
			ProcessInitializeOnLoadAttributes (549ms)
			ProcessInitializeOnLoadMethodAttributes (42ms)
			AfterProcessingInitializeOnLoad (4ms)
			EditorAssembliesLoaded (0ms)
		ExecutionOrderSort2 (0ms)
		AwakeInstancesAfterBackupRestoration (10ms)
Launched and connected shader compiler UnityShaderCompiler.exe after 0.23 seconds
Refreshing native plugins compatible for Editor in 2.31 ms, found 3 plugins.
Preloading 0 native plugins for Editor in 0.00 ms.
Unloading 3238 Unused Serialized files (Serialized files now loaded: 0)
Unloading 19 unused Assets / (54.9 KB). Loaded Objects now: 3705.
Memory consumption went from 121.1 MB to 121.1 MB.
Total: 4.857000 ms (FindLiveObjects: 0.654900 ms CreateObjectMapping: 0.228000 ms MarkObjects: 3.807800 ms  DeleteObjects: 0.163500 ms)

AssetImportParameters requested are different than current active one (requested -> active):
  custom:container-demuxer-ogg: 62fdf1f143b41e24485cea50d1cbac27 -> 
  custom:video-codec-MediaFoundation-h265: 746d11721c4dcdbdad8f713fa42b33f4 -> 
  custom:video-decoder-ogg-theora: a1e56fd34408186e4bbccfd4996cb3dc -> 
  custom:framework-win-MediaFoundation: 216162199b28c13a410421893ffa2e32 -> 
  custom:CustomObjectIndexerAttribute: 9a22284fe3817be447336de3de66b15e -> 
  custom:container-demuxer-webm: 4f35f7cbe854078d1ac9338744f61a02 -> 
  custom:container-muxer-webm: aa71ff27fc2769a1b78a27578f13a17b -> 
  custom:video-decoder-webm-vp8: 9c59270c3fd7afecdb556c50c9e8de78 -> 
  custom:SearchIndexIgnoredProperties: e643bd26f0fe6173181afceb89e7c659 -> 
  custom:AudioImporter_EditorPlatform: d09bf68614088b80899f8185d706f6e7 -> 
  custom:video-encoder-webm-vp8: eb34c28f22e8b96e1ab97ce403110664 -> 
  custom:audio-decoder-ogg-vorbis: bf7c407c2cedff20999df2af8eb42d56 -> 
  custom:audio-encoder-webm-vorbis: bf7c407c2cedff20999df2af8eb42d56 -> 
========================================================================
Received Prepare
Trying to reload asset but can't find object on disk
Caller must complete domain reload
Begin MonoManager ReloadAssembly
- Loaded All Assemblies, in  0.940 seconds
Native extension for WindowsStandalone target not found
Mono: successfully reloaded assembly
- Finished resetting the current domain, in  4.343 seconds
Domain Reload Profiling: 5290ms
	BeginReloadAssembly (639ms)
		ExecutionOrderSort (0ms)
		DisableScriptedObjects (11ms)
		BackupInstance (0ms)
		ReleaseScriptingObjects (1ms)
		CreateAndSetChildDomain (130ms)
	RebuildCommonClasses (41ms)
	RebuildNativeTypeToScriptingClass (11ms)
	initialDomainReloadingComplete (33ms)
	LoadAllAssembliesAndSetupDomain (222ms)
		LoadAssemblies (313ms)
		RebuildTransferFunctionScriptingTraits (0ms)
		AnalyzeDomain (45ms)
			TypeCache.Refresh (25ms)
				TypeCache.ScanAssembly (2ms)
			ScanForSourceGeneratedMonoScriptInfo (16ms)
			ResolveRequiredComponents (2ms)
	FinalizeReload (4344ms)
		ReleaseScriptCaches (0ms)
		RebuildScriptCaches (0ms)
		SetupLoadedEditorAssemblies (318ms)
			LogAssemblyErrors (0ms)
			InitializePlatformSupportModulesInManaged (10ms)
			SetLoadedEditorAssemblies (3ms)
			RefreshPlugins (0ms)
			BeforeProcessingInitializeOnLoad (75ms)
			ProcessInitializeOnLoadAttributes (207ms)
			ProcessInitializeOnLoadMethodAttributes (21ms)
			AfterProcessingInitializeOnLoad (2ms)
			EditorAssembliesLoaded (0ms)
		ExecutionOrderSort2 (0ms)
		AwakeInstancesAfterBackupRestoration (8ms)
Refreshing native plugins compatible for Editor in 6.97 ms, found 0 plugins.
Preloading 0 native plugins for Editor in 0.00 ms.
Unloading 333 Unused Serialized files (Serialized files now loaded: 0)
Unloading 1124 unused Assets / (0.6 MB). Loaded Objects now: 2588.
Memory consumption went from 70.9 MB to 70.2 MB.
Total: 5.806200 ms (FindLiveObjects: 0.473400 ms CreateObjectMapping: 0.158700 ms MarkObjects: 3.571700 ms  DeleteObjects: 1.601000 ms)

Prepare: number of updated asset objects reloaded= 2
AssetImportParameters requested are different than current active one (requested -> active):
  custom:scripting/monoscript/fileName/ProfileAnalyzerAPITests.cs: ae2f6d5f2047ecf355f89f27017da83c -> 
  custom:scripting/monoscript/fileName/MarkerData.cs: 8619593a2769269416ddfcee69e58586 -> a50f37be7bf76938578cd34f49b4dcbe
  custom:container-demuxer-ogg: 62fdf1f143b41e24485cea50d1cbac27 -> 
  custom:scripting/monoscript/fileName/ThreadSelection.cs: aaf66798cf1aea61c25129da13e9b6b1 -> eaf9c4276b4aea47dbe197da83cb6df7
  custom:scripting/monoscript/fileName/TopMarkers.cs: 3116b832eb0bb0ce5cabf6a33c36e5ee -> c398089724306de3c1bb2affe0971671
  custom:video-codec-MediaFoundation-h265: 746d11721c4dcdbdad8f713fa42b33f4 -> 
  custom:scripting/monoscript/fileName/MarkerColumnFilter.cs: 8fb936d34ccb8699057b001a4185e473 -> b0bc9299d70d3e7f7e0d88ccc55c245a
  custom:video-decoder-ogg-theora: a1e56fd34408186e4bbccfd4996cb3dc -> 
  custom:scripting/monoscript/fileName/ThreadData.cs: 1aa9a916d42c1fa3681f0552ae03953a -> 8ff87c07bd8d1c0545b9d60aa79e1131
  custom:scripting/monoscript/fileName/MillisecondsUnitsTest.cs: 554a90d4b5734cc607e7b69f5f0653ec -> 
  custom:scripting/monoscript/fileName/FrameTimeGraph.cs: b925bc2600c863803c3f7298ac08c615 -> dc8a7d22624e41ef1d1696466c4dd33e
  custom:scripting/monoscript/fileName/ProfileAnalysis.cs: 394cec7be33acea2c3ba6693fffc4b3c -> b4c217c15c80792f80e0bfffd6e3ac98
  custom:scripting/monoscript/fileName/ProfilerWindowInterface.cs: fb19b4d4ae1cf88d64672a522eb15b4e -> 9c6bb5178a5ef3d507c4dfa736352478
  custom:framework-win-MediaFoundation: 216162199b28c13a410421893ffa2e32 -> 
  custom:scripting/monoscript/fileName/FrameTime.cs: c924640c1790f6f3110bd4b24d8a30f8 -> 885fbd25713db34fbb3c40bd9a45471d
  custom:scripting/monoscript/fileName/ProgressBarDisplay.cs: b908f546c0c2736ea7d34aab95d228bf -> cec35433fb52c6ffa2c3fc517fc4fba7
  custom:scripting/monoscript/fileName/ProfileDataAPITests.cs: 515cdf18f58f7629bb28d4798ad966a0 -> 
  custom:scripting/monoscript/fileName/Columns.cs: e63c8c715d1d860fe74492e7a1709fdc -> d072b426aeb72b5c444e226e86b53be2
  custom:scripting/monoscript/fileName/Units.cs: d0270cf21b908726ac38686826c20614 -> 37c4edb88e9b56be5f2707f3667ee057
  custom:scripting/monoscript/fileName/ProfileDataView.cs: 182e0fc6fecc66def00cb2deb99a3f3d -> 3cd45ce34032e5e8688703f8bf813b4d
  custom:scripting/monoscript/fileName/ProfileAnalyzer.cs: aa7ec2f1436c3d95b8d6f6551d80435a -> 8ba64f3bc8ab165d7e4d09d304e7457a
  custom:CustomObjectIndexerAttribute: 9a22284fe3817be447336de3de66b15e -> 
  custom:container-demuxer-webm: 4f35f7cbe854078d1ac9338744f61a02 -> 
  custom:scripting/monoscript/fileName/TimingOptions.cs: 4f05d68b5c6aeee9771d6324d0b2308a -> 4e4ef74df318c66225faed819764d8dd
  custom:scripting/monoscript/fileName/ProfileAnalyzerExportWindow.cs: fdb2015a332df03249e51dfd25075f70 -> 7347d17e2c162ef5469f90c3126ccd4f
  custom:scripting/monoscript/fileName/ProfileDataTests.cs: 42c8e60ea6c80dde2855f5f7b01b7559 -> 
  custom:scripting/monoscript/fileName/ProfileAnalysisAPITests.cs: e8921ce767e0bf51a2429550f4b7f1c4 -> 
  custom:scripting/monoscript/fileName/TopMarkerList.cs: b2558e221e3d03b8d9fa6d5aeeae3914 -> e7939d6b769aac1796b31fc152db2083
  custom:scripting/monoscript/fileName/ProfileAnalyzerCaptureTests.cs: ff49b38047fc68c46fbb86f15954222b -> 
  custom:container-muxer-webm: aa71ff27fc2769a1b78a27578f13a17b -> 
  custom:scripting/monoscript/fileName/ProfileAnalyzerWindow.cs: b129d4b67228736359b9cb7cc3662d9f -> 8e9da3f3eadf6dd74dbc436f89238f9a
  custom:video-decoder-webm-vp8: 9c59270c3fd7afecdb556c50c9e8de78 -> 
  custom:scripting/monoscript/fileName/ThreadFrameTime.cs: 09773cb5f0d7df448161089080521de8 -> b32414077ba1156b92be237a86516c63
  custom:scripting/monoscript/fileName/ProfileTable.cs: d831022145db0d813801213a1f08f904 -> ff870476f056144c344468b8b3819bf5
  custom:SearchIndexIgnoredProperties: e643bd26f0fe6173181afceb89e7c659 -> 
  custom:AudioImporter_EditorPlatform: d09bf68614088b80899f8185d706f6e7 -> 
  custom:scripting/monoscript/fileName/FrameTimeGraphSelectionTests.cs: defbbf6e26a134c43328a0217ff12097 -> 
  custom:scripting/monoscript/fileName/ComparisonTable.cs: 4afd4216634d0728bb12e92c07f51461 -> e499de797c2097833af04c1a95766fe1
  custom:scripting/monoscript/fileName/MarkerDataAPITests.cs: 52bad8b184e23572346577f1560cbc84 -> 
  custom:scripting/monoscript/fileName/DepthSliceUI.cs: 5dd9686a5642eedeeed47c55a3be3403 -> 6b2e2f88d858a2d43305dcaf1304f591
  custom:scripting/monoscript/fileName/DepthSliceDropdown.cs: 86c5a44b2ef3a70bd7d56d67ba77c720 -> 7a66e1cd77d2b97fb7180e99a82000ca
  custom:scripting/monoscript/fileName/UnitsTestFixture.cs: e3b77341bb2f25314b094452bcbb1a66 -> 
  custom:scripting/monoscript/fileName/BoxAndWhiskerPlot.cs: b2ab7e8840c8be87f435f6ed1278b793 -> 58e3bb2ab1bcd42111f0aa2805c4436a
  custom:video-encoder-webm-vp8: eb34c28f22e8b96e1ab97ce403110664 -> 
  custom:audio-decoder-ogg-vorbis: bf7c407c2cedff20999df2af8eb42d56 -> 
  custom:scripting/monoscript/fileName/Draw2D.cs: 9eccf8cfd2368395eaa77f9beec39b95 -> 2be2ddbe492e154a034a61a0025c7210
  custom:scripting/monoscript/fileName/FrameSummary.cs: eb0db5b0a00b6fabeee9e8c16eab4ad2 -> 7b22ecdfefb39ecd745d6da098f5b550
  custom:scripting/monoscript/fileName/ThreadSelectionWindow.cs: aaf7fe5e496675699232e1a80aab1f95 -> b0e4079b65f6485aa888f40e2c180d53
  custom:scripting/monoscript/fileName/Histogram.cs: c796d50334c0099418e7d81add6f910c -> be36b9750dae7300a72c2311cfbac411
  custom:scripting/monoscript/fileName/MicrosecondsUnitsTest.cs: d1f48b9a3c7e798934f36f1c01be7105 -> 
  custom:scripting/monoscript/fileName/ProfileData.cs: 179bc0f8a81827dc1176702978b4996f -> e561ac1c86946e731706eee2b8dc7bc7
  custom:scripting/monoscript/fileName/MarkerPairing.cs: 4709031a8e3cced4cbce69d434987862 -> dee4dc465546da0edd7b026a84274a58
  custom:scripting/monoscript/fileName/Analytics.cs: d1ce16b79cb463aed10c7d8aff396819 -> 0d00ad6364ec44748a13f6048d32e335
  custom:audio-encoder-webm-vorbis: bf7c407c2cedff20999df2af8eb42d56 -> 
  custom:scripting/monoscript/fileName/ThreadIdentifier.cs: 82be7d9424f512a38a4d789eda1fb494 -> 0bd2d4a427ab94d96647103ab2dc7c84
  custom:scripting/precompiled-assembly-types:Assembly-CSharp-Editor: 0a3b779501898113c4d26df9c32d51a6 -> 
  custom:scripting/monoscript/fileName/ProfileAnalyzerEmptyTests.cs: af498a11760a62cbe0c82c3978e5ef55 -> 
  custom:scripting/monoscript/fileName/ProfileAnalyzerBaseTest.cs: 88ef4ef806be1b24aaa890ab80b48b1c -> 
  custom:scripting/monoscript/fileName/AnimationPlayableAsset.cs:  -> 009db08c97e92a2c69986ab256d074e2
  custom:scripting/precompiled-assembly-types:Unity.PlasticSCM.Editor:  -> 9179a07182e53e7ca5f40eda49da07fd
  custom:scripting/precompiled-assembly-types:Unity.Performance.Profile-Analyzer.Editor:  -> e1bfc0e7188f9eeca54cb211a0aba1bc
  custom:scripting/precompiled-assembly-types:Unity.VisualScripting.Core:  -> 0a21fb0e1386cc0544df7b99dc92b4ac
  custom:scripting/precompiled-assembly-types:Unity.PlasticSCM.Editor.Entities:  -> bae848875a35fe96f09fcc9f4e534600
  custom:scripting/monoscript/fileName/AnimationTrack.cs:  -> 579258c150686ede8cacf1f75da21715
  custom:scripting/precompiled-assembly-types:Unity.VisualScripting.State.Editor:  -> bfd19d10497364660dabdb7b0dffedf3
  custom:scripting/precompiled-assembly-types:Unity.VisualScripting.State:  -> a1b84a027925ee482b6dab13e9d110f3
  custom:scripting/precompiled-assembly-types:Unity.VisualScripting.SettingsProvider.Editor:  -> 41414d03caeb8d6946e082e3faf34ce7
  custom:scripting/precompiled-assembly-types:Unity.TestTools.CodeCoverage.Editor.OpenCover.Model:  -> 392eba37ada58ebddffce0d6be5344c8
  custom:scripting/monoscript/fileName/TextMeshPro.cs:  -> 0cfab9de2f927cf0a5e3dc6276498acd
  custom:scripting/precompiled-assembly-types:Unity.TestTools.CodeCoverage.Editor:  -> d149527e5c885a7c3085f4e656316fb7
  custom:scripting/precompiled-assembly-types:ReportGeneratorMerged:  -> a1824cb2563ee3a5abc6d3e314b6fbb6
  custom:scripting/precompiled-assembly-types:Unity.CollabProxy.Editor:  -> a36ccc33b98b7f62b28d4846b6685fc2
  custom:scripting/precompiled-assembly-types:Unity.Timeline.Editor:  -> 534d7c71c4dd9147ea00599cede121e1
  custom:scripting/precompiled-assembly-types:UnityEditor.UI:  -> 6bae215471362000d6dbd3e0ee304a50
  custom:scripting/precompiled-assembly-types:JetBrains.Rider.PathLocator:  -> fb91ee72d999ec87cafee9848829a9a4
  custom:scripting/monoscript/fileName/TimelineAssetViewModel.cs:  -> 18a79fa063972d49f8538ad72ae7e75c
  custom:scripting/precompiled-assembly-types:log4net:  -> 019978558686b3dbe60f5be7e8a69682
  custom:scripting/precompiled-assembly-types:Unity.Timeline:  -> b058d380530d91aefff3cf869316d3f0
  custom:scripting/precompiled-assembly-types:Unity.VisualScripting.TextureAssets:  -> c56209796e0bbe0cf0954c819164de90
  custom:scripting/precompiled-assembly-types:Unity.TestTools.CodeCoverage.Editor.OpenCover.Mono.Reflection:  -> 0065f084a5e0ee2eda32260040c06f1b
  custom:scripting/precompiled-assembly-types:Unity.VisualScripting.Shared.Editor:  -> b1bd646cbd56acfef4597dda0faf849f
  custom:scripting/precompiled-assembly-types:Unity.Plastic.Newtonsoft.Json:  -> c587937513b02a3c784dfd4229f1b707
  custom:scripting/precompiled-assembly-types:Unity.Plastic.Antlr3.Runtime:  -> 6770513df7cfb4050a1e6f0a02312f5b
  custom:scripting/precompiled-assembly-types:Unity.VisualScripting.Core.Editor:  -> 39597c0f3a76e24d87d64afa59c5f88d
  custom:scripting/monoscript/fileName/TextMeshProUGUI.cs:  -> b783d06a82b0620f102e3253b4b9fc9b
  custom:scripting/precompiled-assembly-types:Unity.Settings.Editor:  -> fc2f77fe14e3ee6440c886b31af41332
  custom:scripting/precompiled-assembly-types:Unity.VisualScripting.YamlDotNet:  -> 42147c7a78dea3b36998a42e40ee1ca1
  custom:scripting/precompiled-assembly-types:Unity.VisualScripting.Antlr3.Runtime:  -> faf423e1a2226361a83dad1da848e5b7
  custom:scripting/precompiled-assembly-types:Unity.VSCode.Editor:  -> ce0f8be6c84057ddac8877610b9e6a0a
  custom:scripting/precompiled-assembly-types:Unity.VisualScripting.IonicZip:  -> cbdf74419b68ead93c00ca698cf31212
  custom:scripting/precompiled-assembly-types:Unity.VisualScripting.Flow:  -> bc99c07bfe2ca209f1879006fb72d2cd
  custom:scripting/precompiled-assembly-types:UnityEngine.UI:  -> f762135bac905e34e2b540c872c48817
  custom:scripting/monoscript/fileName/TimelineAsset.cs:  -> 922c4504d3900c9d0f1009b93072bf15
  custom:scripting/precompiled-assembly-types:Unity.TextMeshPro.Editor:  -> 46ffe279a7239cd1fb74eb9c5ab5b5d8
  custom:scripting/precompiled-assembly-types:Unity.VisualStudio.Editor:  -> 8196c7ff3a716df6975b114b464f1975
  custom:scripting/monoscript/fileName/TrackAsset.cs:  -> 05c366eb01e12385210cbb2c784bc95b
  custom:scripting/precompiled-assembly-types:Unity.TextMeshPro:  -> 59230975e8163396a463bd906828ec67
  custom:scripting/monoscript/fileName/TimelineWindow.cs:  -> 1ecae22b1c6d42e0f96084d9a8d5699a
  custom:scripting/precompiled-assembly-types:unityplastic:  -> 23bc03ed010f4c247b57ad87cc1f414b
  custom:scripting/precompiled-assembly-types:Unity.Rider.Editor:  -> 0de55238d3a55d2a1ba196ecf7047382
  custom:scripting/precompiled-assembly-types:Unity.VisualScripting.Flow.Editor:  -> db5f2770bb05e70eb00d2307d36e9057
========================================================================
Received Import Request.
  Time since last request: 261044.058399 seconds.
  path: Assets/Scripts
  artifactKey: Guid(d47dddb7a11cc3c4c9c27bce3578554d) Importer(815301076,1909f56bfc062723c751e8b465ee728b)
Start importing Assets/Scripts using Guid(d47dddb7a11cc3c4c9c27bce3578554d) Importer(815301076,1909f56bfc062723c751e8b465ee728b) [PhysX] Initialized MultithreadedTaskDispatcher with 8 workers.
 -> (artifact id: '5dead306b36da9b46559ca442a934350') in 0.003434 seconds
Number of updated asset objects reloaded before import = 0
Number of asset objects unloaded after import = 0
========================================================================
Received Prepare
Caller must complete domain reload
Begin MonoManager ReloadAssembly
- Loaded All Assemblies, in  0.360 seconds
Native extension for WindowsStandalone target not found
Mono: successfully reloaded assembly
- Finished resetting the current domain, in  0.355 seconds
Domain Reload Profiling: 715ms
	BeginReloadAssembly (155ms)
		ExecutionOrderSort (0ms)
		DisableScriptedObjects (5ms)
		BackupInstance (0ms)
		ReleaseScriptingObjects (0ms)
		CreateAndSetChildDomain (19ms)
	RebuildCommonClasses (32ms)
	RebuildNativeTypeToScriptingClass (11ms)
	initialDomainReloadingComplete (33ms)
	LoadAllAssembliesAndSetupDomain (128ms)
		LoadAssemblies (225ms)
		RebuildTransferFunctionScriptingTraits (0ms)
		AnalyzeDomain (6ms)
			TypeCache.Refresh (4ms)
				TypeCache.ScanAssembly (0ms)
			ScanForSourceGeneratedMonoScriptInfo (0ms)
			ResolveRequiredComponents (1ms)
	FinalizeReload (355ms)
		ReleaseScriptCaches (0ms)
		RebuildScriptCaches (0ms)
		SetupLoadedEditorAssemblies (201ms)
			LogAssemblyErrors (0ms)
			InitializePlatformSupportModulesInManaged (4ms)
			SetLoadedEditorAssemblies (2ms)
			RefreshPlugins (0ms)
			BeforeProcessingInitializeOnLoad (47ms)
			ProcessInitializeOnLoadAttributes (129ms)
			ProcessInitializeOnLoadMethodAttributes (18ms)
			AfterProcessingInitializeOnLoad (2ms)
			EditorAssembliesLoaded (0ms)
		ExecutionOrderSort2 (0ms)
		AwakeInstancesAfterBackupRestoration (6ms)
Refreshing native plugins compatible for Editor in 5.44 ms, found 0 plugins.
Preloading 0 native plugins for Editor in 0.00 ms.
Unloading 332 Unused Serialized files (Serialized files now loaded: 0)
Unloading 4 unused Assets / (23.3 KB). Loaded Objects now: 2589.
Memory consumption went from 67.7 MB to 67.7 MB.
Total: 2.789900 ms (FindLiveObjects: 0.177700 ms CreateObjectMapping: 0.075300 ms MarkObjects: 2.500800 ms  DeleteObjects: 0.034900 ms)

Prepare: number of updated asset objects reloaded= 0
AssetImportParameters requested are different than current active one (requested -> active):
  custom:scripting/monoscript/fileName/ProfileAnalyzerAPITests.cs: ae2f6d5f2047ecf355f89f27017da83c -> 
  custom:scripting/monoscript/fileName/MarkerData.cs: 8619593a2769269416ddfcee69e58586 -> a50f37be7bf76938578cd34f49b4dcbe
  custom:container-demuxer-ogg: 62fdf1f143b41e24485cea50d1cbac27 -> 
  custom:scripting/monoscript/fileName/ThreadSelection.cs: aaf66798cf1aea61c25129da13e9b6b1 -> eaf9c4276b4aea47dbe197da83cb6df7
  custom:scripting/monoscript/fileName/TopMarkers.cs: 3116b832eb0bb0ce5cabf6a33c36e5ee -> c398089724306de3c1bb2affe0971671
  custom:video-codec-MediaFoundation-h265: 746d11721c4dcdbdad8f713fa42b33f4 -> 
  custom:scripting/monoscript/fileName/MarkerColumnFilter.cs: 8fb936d34ccb8699057b001a4185e473 -> b0bc9299d70d3e7f7e0d88ccc55c245a
  custom:video-decoder-ogg-theora: a1e56fd34408186e4bbccfd4996cb3dc -> 
  custom:scripting/monoscript/fileName/ThreadData.cs: 1aa9a916d42c1fa3681f0552ae03953a -> 8ff87c07bd8d1c0545b9d60aa79e1131
  custom:scripting/monoscript/fileName/MillisecondsUnitsTest.cs: 554a90d4b5734cc607e7b69f5f0653ec -> 
  custom:scripting/monoscript/fileName/FrameTimeGraph.cs: b925bc2600c863803c3f7298ac08c615 -> dc8a7d22624e41ef1d1696466c4dd33e
  custom:scripting/monoscript/fileName/ProfileAnalysis.cs: 394cec7be33acea2c3ba6693fffc4b3c -> b4c217c15c80792f80e0bfffd6e3ac98
  custom:scripting/monoscript/fileName/ProfilerWindowInterface.cs: fb19b4d4ae1cf88d64672a522eb15b4e -> 9c6bb5178a5ef3d507c4dfa736352478
  custom:framework-win-MediaFoundation: 216162199b28c13a410421893ffa2e32 -> 
  custom:scripting/monoscript/fileName/FrameTime.cs: c924640c1790f6f3110bd4b24d8a30f8 -> 885fbd25713db34fbb3c40bd9a45471d
  custom:scripting/monoscript/fileName/ProgressBarDisplay.cs: b908f546c0c2736ea7d34aab95d228bf -> cec35433fb52c6ffa2c3fc517fc4fba7
  custom:scripting/monoscript/fileName/ProfileDataAPITests.cs: 515cdf18f58f7629bb28d4798ad966a0 -> 
  custom:scripting/monoscript/fileName/Columns.cs: e63c8c715d1d860fe74492e7a1709fdc -> d072b426aeb72b5c444e226e86b53be2
  custom:scripting/monoscript/fileName/Units.cs: d0270cf21b908726ac38686826c20614 -> 37c4edb88e9b56be5f2707f3667ee057
  custom:scripting/monoscript/fileName/ProfileDataView.cs: 182e0fc6fecc66def00cb2deb99a3f3d -> 3cd45ce34032e5e8688703f8bf813b4d
  custom:scripting/monoscript/fileName/ProfileAnalyzer.cs: aa7ec2f1436c3d95b8d6f6551d80435a -> 8ba64f3bc8ab165d7e4d09d304e7457a
  custom:CustomObjectIndexerAttribute: 9a22284fe3817be447336de3de66b15e -> 
  custom:container-demuxer-webm: 4f35f7cbe854078d1ac9338744f61a02 -> 
  custom:scripting/monoscript/fileName/TimingOptions.cs: 4f05d68b5c6aeee9771d6324d0b2308a -> 4e4ef74df318c66225faed819764d8dd
  custom:scripting/monoscript/fileName/ProfileAnalyzerExportWindow.cs: fdb2015a332df03249e51dfd25075f70 -> 7347d17e2c162ef5469f90c3126ccd4f
  custom:scripting/monoscript/fileName/ProfileDataTests.cs: 42c8e60ea6c80dde2855f5f7b01b7559 -> 
  custom:scripting/monoscript/fileName/ProfileAnalysisAPITests.cs: e8921ce767e0bf51a2429550f4b7f1c4 -> 
  custom:scripting/monoscript/fileName/TopMarkerList.cs: b2558e221e3d03b8d9fa6d5aeeae3914 -> e7939d6b769aac1796b31fc152db2083
  custom:scripting/monoscript/fileName/ProfileAnalyzerCaptureTests.cs: ff49b38047fc68c46fbb86f15954222b -> 
  custom:container-muxer-webm: aa71ff27fc2769a1b78a27578f13a17b -> 
  custom:scripting/monoscript/fileName/ProfileAnalyzerWindow.cs: b129d4b67228736359b9cb7cc3662d9f -> 8e9da3f3eadf6dd74dbc436f89238f9a
  custom:video-decoder-webm-vp8: 9c59270c3fd7afecdb556c50c9e8de78 -> 
  custom:scripting/monoscript/fileName/ThreadFrameTime.cs: 09773cb5f0d7df448161089080521de8 -> b32414077ba1156b92be237a86516c63
  custom:scripting/monoscript/fileName/ProfileTable.cs: d831022145db0d813801213a1f08f904 -> ff870476f056144c344468b8b3819bf5
  custom:SearchIndexIgnoredProperties: e643bd26f0fe6173181afceb89e7c659 -> 
  custom:AudioImporter_EditorPlatform: d09bf68614088b80899f8185d706f6e7 -> 
  custom:scripting/monoscript/fileName/FrameTimeGraphSelectionTests.cs: defbbf6e26a134c43328a0217ff12097 -> 
  custom:scripting/monoscript/fileName/ComparisonTable.cs: 4afd4216634d0728bb12e92c07f51461 -> e499de797c2097833af04c1a95766fe1
  custom:scripting/monoscript/fileName/MarkerDataAPITests.cs: 52bad8b184e23572346577f1560cbc84 -> 
  custom:scripting/monoscript/fileName/DepthSliceUI.cs: 5dd9686a5642eedeeed47c55a3be3403 -> 6b2e2f88d858a2d43305dcaf1304f591
  custom:scripting/monoscript/fileName/DepthSliceDropdown.cs: 86c5a44b2ef3a70bd7d56d67ba77c720 -> 7a66e1cd77d2b97fb7180e99a82000ca
  custom:scripting/monoscript/fileName/UnitsTestFixture.cs: e3b77341bb2f25314b094452bcbb1a66 -> 
  custom:scripting/monoscript/fileName/BoxAndWhiskerPlot.cs: b2ab7e8840c8be87f435f6ed1278b793 -> 58e3bb2ab1bcd42111f0aa2805c4436a
  custom:video-encoder-webm-vp8: eb34c28f22e8b96e1ab97ce403110664 -> 
  custom:audio-decoder-ogg-vorbis: bf7c407c2cedff20999df2af8eb42d56 -> 
  custom:scripting/monoscript/fileName/Draw2D.cs: 9eccf8cfd2368395eaa77f9beec39b95 -> 2be2ddbe492e154a034a61a0025c7210
  custom:scripting/monoscript/fileName/FrameSummary.cs: eb0db5b0a00b6fabeee9e8c16eab4ad2 -> 7b22ecdfefb39ecd745d6da098f5b550
  custom:scripting/monoscript/fileName/ThreadSelectionWindow.cs: aaf7fe5e496675699232e1a80aab1f95 -> b0e4079b65f6485aa888f40e2c180d53
  custom:scripting/monoscript/fileName/Histogram.cs: c796d50334c0099418e7d81add6f910c -> be36b9750dae7300a72c2311cfbac411
  custom:scripting/monoscript/fileName/MicrosecondsUnitsTest.cs: d1f48b9a3c7e798934f36f1c01be7105 -> 
  custom:scripting/monoscript/fileName/ProfileData.cs: 179bc0f8a81827dc1176702978b4996f -> e561ac1c86946e731706eee2b8dc7bc7
  custom:scripting/monoscript/fileName/MarkerPairing.cs: 4709031a8e3cced4cbce69d434987862 -> dee4dc465546da0edd7b026a84274a58
  custom:scripting/monoscript/fileName/Analytics.cs: d1ce16b79cb463aed10c7d8aff396819 -> 0d00ad6364ec44748a13f6048d32e335
  custom:audio-encoder-webm-vorbis: bf7c407c2cedff20999df2af8eb42d56 -> 
  custom:scripting/monoscript/fileName/ThreadIdentifier.cs: 82be7d9424f512a38a4d789eda1fb494 -> 0bd2d4a427ab94d96647103ab2dc7c84
  custom:scripting/precompiled-assembly-types:Assembly-CSharp-Editor: 0a3b779501898113c4d26df9c32d51a6 -> 
  custom:scripting/monoscript/fileName/ProfileAnalyzerEmptyTests.cs: af498a11760a62cbe0c82c3978e5ef55 -> 
  custom:scripting/monoscript/fileName/ProfileAnalyzerBaseTest.cs: 88ef4ef806be1b24aaa890ab80b48b1c -> 
  custom:scripting/monoscript/fileName/AnimationPlayableAsset.cs:  -> 009db08c97e92a2c69986ab256d074e2
  custom:scripting/precompiled-assembly-types:Unity.PlasticSCM.Editor:  -> 9179a07182e53e7ca5f40eda49da07fd
  custom:scripting/precompiled-assembly-types:Unity.Performance.Profile-Analyzer.Editor:  -> e1bfc0e7188f9eeca54cb211a0aba1bc
  custom:scripting/precompiled-assembly-types:Unity.VisualScripting.Core:  -> 0a21fb0e1386cc0544df7b99dc92b4ac
  custom:scripting/precompiled-assembly-types:Unity.PlasticSCM.Editor.Entities:  -> bae848875a35fe96f09fcc9f4e534600
  custom:scripting/monoscript/fileName/AnimationTrack.cs:  -> 579258c150686ede8cacf1f75da21715
  custom:scripting/precompiled-assembly-types:Unity.VisualScripting.State.Editor:  -> bfd19d10497364660dabdb7b0dffedf3
  custom:scripting/precompiled-assembly-types:Unity.VisualScripting.State:  -> a1b84a027925ee482b6dab13e9d110f3
  custom:scripting/precompiled-assembly-types:Unity.VisualScripting.SettingsProvider.Editor:  -> 41414d03caeb8d6946e082e3faf34ce7
  custom:scripting/precompiled-assembly-types:Unity.TestTools.CodeCoverage.Editor.OpenCover.Model:  -> 392eba37ada58ebddffce0d6be5344c8
  custom:scripting/monoscript/fileName/TextMeshPro.cs:  -> 0cfab9de2f927cf0a5e3dc6276498acd
  custom:scripting/precompiled-assembly-types:Unity.TestTools.CodeCoverage.Editor:  -> d149527e5c885a7c3085f4e656316fb7
  custom:scripting/precompiled-assembly-types:ReportGeneratorMerged:  -> a1824cb2563ee3a5abc6d3e314b6fbb6
  custom:scripting/precompiled-assembly-types:Unity.CollabProxy.Editor:  -> a36ccc33b98b7f62b28d4846b6685fc2
  custom:scripting/precompiled-assembly-types:Unity.Timeline.Editor:  -> 534d7c71c4dd9147ea00599cede121e1
  custom:scripting/precompiled-assembly-types:UnityEditor.UI:  -> 6bae215471362000d6dbd3e0ee304a50
  custom:scripting/precompiled-assembly-types:JetBrains.Rider.PathLocator:  -> fb91ee72d999ec87cafee9848829a9a4
  custom:scripting/monoscript/fileName/TimelineAssetViewModel.cs:  -> 18a79fa063972d49f8538ad72ae7e75c
  custom:scripting/precompiled-assembly-types:log4net:  -> 019978558686b3dbe60f5be7e8a69682
  custom:scripting/precompiled-assembly-types:Unity.Timeline:  -> b058d380530d91aefff3cf869316d3f0
  custom:scripting/precompiled-assembly-types:Unity.VisualScripting.TextureAssets:  -> c56209796e0bbe0cf0954c819164de90
  custom:scripting/precompiled-assembly-types:Unity.TestTools.CodeCoverage.Editor.OpenCover.Mono.Reflection:  -> 0065f084a5e0ee2eda32260040c06f1b
  custom:scripting/precompiled-assembly-types:Unity.VisualScripting.Shared.Editor:  -> b1bd646cbd56acfef4597dda0faf849f
  custom:scripting/precompiled-assembly-types:Unity.Plastic.Newtonsoft.Json:  -> c587937513b02a3c784dfd4229f1b707
  custom:scripting/precompiled-assembly-types:Unity.Plastic.Antlr3.Runtime:  -> 6770513df7cfb4050a1e6f0a02312f5b
  custom:scripting/precompiled-assembly-types:Unity.VisualScripting.Core.Editor:  -> 39597c0f3a76e24d87d64afa59c5f88d
  custom:scripting/monoscript/fileName/TextMeshProUGUI.cs:  -> b783d06a82b0620f102e3253b4b9fc9b
  custom:scripting/precompiled-assembly-types:Unity.Settings.Editor:  -> fc2f77fe14e3ee6440c886b31af41332
  custom:scripting/precompiled-assembly-types:Unity.VisualScripting.YamlDotNet:  -> 42147c7a78dea3b36998a42e40ee1ca1
  custom:scripting/precompiled-assembly-types:Unity.VisualScripting.Antlr3.Runtime:  -> faf423e1a2226361a83dad1da848e5b7
  custom:scripting/precompiled-assembly-types:Unity.VSCode.Editor:  -> ce0f8be6c84057ddac8877610b9e6a0a
  custom:scripting/precompiled-assembly-types:Unity.VisualScripting.IonicZip:  -> cbdf74419b68ead93c00ca698cf31212
  custom:scripting/precompiled-assembly-types:Unity.VisualScripting.Flow:  -> bc99c07bfe2ca209f1879006fb72d2cd
  custom:scripting/precompiled-assembly-types:UnityEngine.UI:  -> f762135bac905e34e2b540c872c48817
  custom:scripting/monoscript/fileName/TimelineAsset.cs:  -> 922c4504d3900c9d0f1009b93072bf15
  custom:scripting/precompiled-assembly-types:Unity.TextMeshPro.Editor:  -> 46ffe279a7239cd1fb74eb9c5ab5b5d8
  custom:scripting/precompiled-assembly-types:Unity.VisualStudio.Editor:  -> 8196c7ff3a716df6975b114b464f1975
  custom:scripting/monoscript/fileName/TrackAsset.cs:  -> 05c366eb01e12385210cbb2c784bc95b
  custom:scripting/precompiled-assembly-types:Unity.TextMeshPro:  -> 59230975e8163396a463bd906828ec67
  custom:scripting/monoscript/fileName/TimelineWindow.cs:  -> 1ecae22b1c6d42e0f96084d9a8d5699a
  custom:scripting/precompiled-assembly-types:unityplastic:  -> 23bc03ed010f4c247b57ad87cc1f414b
  custom:scripting/precompiled-assembly-types:Unity.Rider.Editor:  -> 0de55238d3a55d2a1ba196ecf7047382
  custom:scripting/precompiled-assembly-types:Unity.VisualScripting.Flow.Editor:  -> db5f2770bb05e70eb00d2307d36e9057
========================================================================
Received Import Request.
  Time since last request: 40.228738 seconds.
  path: Assets/Scripts/CameraFollow.cs
  artifactKey: Guid(f92b8744cd252c74d9033ec2f31ddd91) Importer(815301076,1909f56bfc062723c751e8b465ee728b)
Start importing Assets/Scripts/CameraFollow.cs using Guid(f92b8744cd252c74d9033ec2f31ddd91) Importer(815301076,1909f56bfc062723c751e8b465ee728b) [PhysX] Initialized MultithreadedTaskDispatcher with 8 workers.
 -> (artifact id: '7cfdba380bc23b8e14605bc54deadc77') in 0.002050 seconds
Number of updated asset objects reloaded before import = 0
Number of asset objects unloaded after import = 0
